Archive member included to satisfy reference by file (symbol)

c:/program files (x86)/gnu tools arm embedded/5.2 2015q4/bin/../lib/gcc/arm-none-eabi/5.2.1/../../../../arm-none-eabi/lib/armv7e-m\libg_nano.a(lib_a-errno.o)
                              ./system/src/newlib/_sbrk.o (__errno)
c:/program files (x86)/gnu tools arm embedded/5.2 2015q4/bin/../lib/gcc/arm-none-eabi/5.2.1/../../../../arm-none-eabi/lib/armv7e-m\libg_nano.a(lib_a-impure.o)
                              c:/program files (x86)/gnu tools arm embedded/5.2 2015q4/bin/../lib/gcc/arm-none-eabi/5.2.1/../../../../arm-none-eabi/lib/armv7e-m\libg_nano.a(lib_a-errno.o) (_impure_ptr)
c:/program files (x86)/gnu tools arm embedded/5.2 2015q4/bin/../lib/gcc/arm-none-eabi/5.2.1/../../../../arm-none-eabi/lib/armv7e-m\libg_nano.a(lib_a-strlen.o)
                              ./system/src/diag/Trace.o (strlen)
c:/program files (x86)/gnu tools arm embedded/5.2 2015q4/bin/../lib/gcc/arm-none-eabi/5.2.1/../../../../arm-none-eabi/lib/armv7e-m\libg_nano.a(lib_a-vsnprintf.o)
                              ./system/src/diag/Trace.o (vsnprintf)
c:/program files (x86)/gnu tools arm embedded/5.2 2015q4/bin/../lib/gcc/arm-none-eabi/5.2.1/../../../../arm-none-eabi/lib/armv7e-m\libg_nano.a(lib_a-nano-svfprintf.o)
                              c:/program files (x86)/gnu tools arm embedded/5.2 2015q4/bin/../lib/gcc/arm-none-eabi/5.2.1/../../../../arm-none-eabi/lib/armv7e-m\libg_nano.a(lib_a-vsnprintf.o) (_svfprintf_r)
c:/program files (x86)/gnu tools arm embedded/5.2 2015q4/bin/../lib/gcc/arm-none-eabi/5.2.1/../../../../arm-none-eabi/lib/armv7e-m\libg_nano.a(lib_a-nano-vfprintf_i.o)
                              c:/program files (x86)/gnu tools arm embedded/5.2 2015q4/bin/../lib/gcc/arm-none-eabi/5.2.1/../../../../arm-none-eabi/lib/armv7e-m\libg_nano.a(lib_a-nano-svfprintf.o) (_printf_i)
c:/program files (x86)/gnu tools arm embedded/5.2 2015q4/bin/../lib/gcc/arm-none-eabi/5.2.1/../../../../arm-none-eabi/lib/armv7e-m\libg_nano.a(lib_a-memchr.o)
                              c:/program files (x86)/gnu tools arm embedded/5.2 2015q4/bin/../lib/gcc/arm-none-eabi/5.2.1/../../../../arm-none-eabi/lib/armv7e-m\libg_nano.a(lib_a-nano-svfprintf.o) (memchr)
c:/program files (x86)/gnu tools arm embedded/5.2 2015q4/bin/../lib/gcc/arm-none-eabi/5.2.1/../../../../arm-none-eabi/lib/armv7e-m\libg_nano.a(lib_a-memcpy-stub.o)
                              c:/program files (x86)/gnu tools arm embedded/5.2 2015q4/bin/../lib/gcc/arm-none-eabi/5.2.1/../../../../arm-none-eabi/lib/armv7e-m\libg_nano.a(lib_a-nano-svfprintf.o) (memcpy)
c:/program files (x86)/gnu tools arm embedded/5.2 2015q4/bin/../lib/gcc/arm-none-eabi/5.2.1/../../../../arm-none-eabi/lib/armv7e-m\libg_nano.a(lib_a-memmove.o)
                              c:/program files (x86)/gnu tools arm embedded/5.2 2015q4/bin/../lib/gcc/arm-none-eabi/5.2.1/../../../../arm-none-eabi/lib/armv7e-m\libg_nano.a(lib_a-nano-svfprintf.o) (memmove)
c:/program files (x86)/gnu tools arm embedded/5.2 2015q4/bin/../lib/gcc/arm-none-eabi/5.2.1/../../../../arm-none-eabi/lib/armv7e-m\libg_nano.a(lib_a-nano-freer.o)
                              c:/program files (x86)/gnu tools arm embedded/5.2 2015q4/bin/../lib/gcc/arm-none-eabi/5.2.1/../../../../arm-none-eabi/lib/armv7e-m\libg_nano.a(lib_a-nano-svfprintf.o) (_free_r)
c:/program files (x86)/gnu tools arm embedded/5.2 2015q4/bin/../lib/gcc/arm-none-eabi/5.2.1/../../../../arm-none-eabi/lib/armv7e-m\libg_nano.a(lib_a-nano-mallocr.o)
                              c:/program files (x86)/gnu tools arm embedded/5.2 2015q4/bin/../lib/gcc/arm-none-eabi/5.2.1/../../../../arm-none-eabi/lib/armv7e-m\libg_nano.a(lib_a-nano-svfprintf.o) (_malloc_r)
c:/program files (x86)/gnu tools arm embedded/5.2 2015q4/bin/../lib/gcc/arm-none-eabi/5.2.1/../../../../arm-none-eabi/lib/armv7e-m\libg_nano.a(lib_a-nano-reallocr.o)
                              c:/program files (x86)/gnu tools arm embedded/5.2 2015q4/bin/../lib/gcc/arm-none-eabi/5.2.1/../../../../arm-none-eabi/lib/armv7e-m\libg_nano.a(lib_a-nano-svfprintf.o) (_realloc_r)
c:/program files (x86)/gnu tools arm embedded/5.2 2015q4/bin/../lib/gcc/arm-none-eabi/5.2.1/../../../../arm-none-eabi/lib/armv7e-m\libg_nano.a(lib_a-sbrkr.o)
                              c:/program files (x86)/gnu tools arm embedded/5.2 2015q4/bin/../lib/gcc/arm-none-eabi/5.2.1/../../../../arm-none-eabi/lib/armv7e-m\libg_nano.a(lib_a-nano-mallocr.o) (_sbrk_r)
c:/program files (x86)/gnu tools arm embedded/5.2 2015q4/bin/../lib/gcc/arm-none-eabi/5.2.1/../../../../arm-none-eabi/lib/armv7e-m\libg_nano.a(lib_a-nano-msizer.o)
                              c:/program files (x86)/gnu tools arm embedded/5.2 2015q4/bin/../lib/gcc/arm-none-eabi/5.2.1/../../../../arm-none-eabi/lib/armv7e-m\libg_nano.a(lib_a-nano-reallocr.o) (_malloc_usable_size_r)

Allocating common symbols
Common symbol       size              file

errno               0x4               ./system/src/newlib/_syscalls.o
[...]
Memory Configuration

Name             Origin             Length             Attributes
RAM              0x20000000         0x00020000         xrw
CCMRAM           0x10000000         0x00010000         xrw
FLASH            0x08000000         0x00100000         xr
FLASHB1          0x00000000         0x00000000         xr
EXTMEMB0         0x00000000         0x00000000         xr
EXTMEMB1         0x00000000         0x00000000         xr
EXTMEMB2         0x00000000         0x00000000         xr
EXTMEMB3         0x00000000         0x00000000         xr
MEMORY_ARRAY     0x20002000         0x00000020         xrw
*default*        0x00000000         0xffffffff

Linker script and memory map

LOAD ./system/src/stm32f4-hal/stm32f4xx_hal.o
LOAD ./system/src/stm32f4-hal/stm32f4xx_hal_cortex.o
LOAD ./system/src/stm32f4-hal/stm32f4xx_hal_flash.o
LOAD ./system/src/stm32f4-hal/stm32f4xx_hal_flash_ex.o
LOAD ./system/src/stm32f4-hal/stm32f4xx_hal_flash_ramfunc.o
LOAD ./system/src/stm32f4-hal/stm32f4xx_hal_gpio.o
LOAD ./system/src/stm32f4-hal/stm32f4xx_hal_iwdg.o
LOAD ./system/src/stm32f4-hal/stm32f4xx_hal_pcd_ex.o
LOAD ./system/src/stm32f4-hal/stm32f4xx_hal_pwr.o
LOAD ./system/src/stm32f4-hal/stm32f4xx_hal_pwr_ex.o
LOAD ./system/src/stm32f4-hal/stm32f4xx_hal_rcc.o
LOAD ./system/src/stm32f4-hal/stm32f4xx_hal_rcc_ex.o
LOAD ./system/src/stm32f4-hal/stm32f4xx_hal_tim.o
LOAD ./system/src/stm32f4-hal/stm32f4xx_hal_tim_ex.o
LOAD ./system/src/newlib/_cxx.o
LOAD ./system/src/newlib/_exit.o
LOAD ./system/src/newlib/_sbrk.o
LOAD ./system/src/newlib/_startup.o
LOAD ./system/src/newlib/_syscalls.o
LOAD ./system/src/newlib/assert.o
LOAD ./system/src/diag/Trace.o
LOAD ./system/src/diag/trace_impl.o
LOAD ./system/src/cortexm/_initialize_hardware.o
LOAD ./system/src/cortexm/_reset_hardware.o
LOAD ./system/src/cortexm/exception_handlers.o
LOAD ./system/src/cmsis/system_stm32f4xx.o
LOAD ./system/src/cmsis/vectors_stm32f4xx.o
LOAD ./src/Lcd.o
LOAD ./src/Ports.o
LOAD ./src/Timer.o
LOAD ./src/_initialize_hardware.o
LOAD ./src/_write.o
LOAD ./src/bsp.o
LOAD ./src/game.o
LOAD ./src/main.o
LOAD c:/program files (x86)/gnu tools arm embedded/5.2 2015q4/bin/../lib/gcc/arm-none-eabi/5.2.1/../../../../arm-none-eabi/lib/armv7e-m\libstdc++_nano.a
LOAD c:/program files (x86)/gnu tools arm embedded/5.2 2015q4/bin/../lib/gcc/arm-none-eabi/5.2.1/../../../../arm-none-eabi/lib/armv7e-m\libm.a
START GROUP
LOAD c:/program files (x86)/gnu tools arm embedded/5.2 2015q4/bin/../lib/gcc/arm-none-eabi/5.2.1/armv7e-m\libgcc.a
LOAD c:/program files (x86)/gnu tools arm embedded/5.2 2015q4/bin/../lib/gcc/arm-none-eabi/5.2.1/../../../../arm-none-eabi/lib/armv7e-m\libg_nano.a
LOAD c:/program files (x86)/gnu tools arm embedded/5.2 2015q4/bin/../lib/gcc/arm-none-eabi/5.2.1/../../../../arm-none-eabi/lib/armv7e-m\libc_nano.a
END GROUP
START GROUP
LOAD c:/program files (x86)/gnu tools arm embedded/5.2 2015q4/bin/../lib/gcc/arm-none-eabi/5.2.1/armv7e-m\libgcc.a
LOAD c:/program files (x86)/gnu tools arm embedded/5.2 2015q4/bin/../lib/gcc/arm-none-eabi/5.2.1/../../../../arm-none-eabi/lib/armv7e-m\libc_nano.a
END GROUP
                0x20020000                __stack = (ORIGIN (RAM) + LENGTH (RAM))
                0x20020000                _estack = __stack
                0x00000400                __Main_Stack_Size = 0x400
                [!provide]                PROVIDE (_Main_Stack_Size, __Main_Stack_Size)
                0x2001fc00                __Main_Stack_Limit = (__stack - __Main_Stack_Size)
                [!provide]                PROVIDE (_Main_Stack_Limit, __Main_Stack_Limit)
                0x00000100                _Minimum_Stack_Size = 0x100
                0x200002f0                PROVIDE (_Heap_Begin, _end_noinit)
                0x2001fc00                PROVIDE (_Heap_Limit, (__stack - __Main_Stack_Size))

.isr_vector     0x08000000      0x2f0
 FILL mask 0xff
                0x08000000                __vectors_start__ = ABSOLUTE (.)
 *(.isr_vector)
 .isr_vector    0x08000000      0x188 ./system/src/cmsis/vectors_stm32f4xx.o
                0x08000000                __isr_vectors
 *(.cfmconfig)
 *(.after_vectors .after_vectors.*)
 .after_vectors
                0x08000188      0x130 ./system/src/newlib/_startup.o
                0x08000188                _start
 .after_vectors
                0x080002b8       0x2c ./system/src/cortexm/exception_handlers.o
                0x080002b8                Reset_Handler
                0x080002c0                NMI_Handler
                0x080002c4                HardFault_Handler
                0x080002c8                MemManage_Handler
                0x080002cc                BusFault_Handler
                0x080002d0                UsageFault_Handler
                0x080002d4                SVC_Handler
                0x080002d8                DebugMon_Handler
                0x080002dc                PendSV_Handler
 .after_vectors
                0x080002e4        0x4 ./system/src/cmsis/vectors_stm32f4xx.o
                0x080002e4                RTC_Alarm_IRQHandler
                0x080002e4                HASH_RNG_IRQHandler
                0x080002e4                EXTI2_IRQHandler
                0x080002e4                TIM8_CC_IRQHandler
                0x080002e4                TIM1_CC_IRQHandler
                0x080002e4                DMA2_Stream5_IRQHandler
                0x080002e4                DMA1_Stream5_IRQHandler
                0x080002e4                PVD_IRQHandler
                0x080002e4                SDIO_IRQHandler
                0x080002e4                TAMP_STAMP_IRQHandler
                0x080002e4                CAN2_RX1_IRQHandler
                0x080002e4                EXTI3_IRQHandler
                0x080002e4                TIM8_TRG_COM_TIM14_IRQHandler
                0x080002e4                TIM1_UP_TIM10_IRQHandler
                0x080002e4                TIM8_UP_TIM13_IRQHandler
                0x080002e4                I2C3_ER_IRQHandler
                0x080002e4                EXTI0_IRQHandler
                0x080002e4                I2C2_EV_IRQHandler
                0x080002e4                DMA1_Stream2_IRQHandler
                0x080002e4                CAN1_RX0_IRQHandler
                0x080002e4                FPU_IRQHandler
                0x080002e4                OTG_HS_WKUP_IRQHandler
                0x080002e4                CAN2_SCE_IRQHandler
                0x080002e4                DMA2_Stream2_IRQHandler
                0x080002e4                SPI1_IRQHandler
                0x080002e4                TIM6_DAC_IRQHandler
                0x080002e4                TIM1_BRK_TIM9_IRQHandler
                0x080002e4                DCMI_IRQHandler
                0x080002e4                CAN2_RX0_IRQHandler
                0x080002e4                DMA2_Stream3_IRQHandler
                0x080002e4                USART6_IRQHandler
                0x080002e4                USART3_IRQHandler
                0x080002e4                CAN1_RX1_IRQHandler
                0x080002e4                UART5_IRQHandler
                0x080002e4                DMA2_Stream0_IRQHandler
                0x080002e4                I2C1_EV_IRQHandler
                0x080002e4                DMA1_Stream6_IRQHandler
                0x080002e4                DMA1_Stream1_IRQHandler
                0x080002e4                UART4_IRQHandler
                0x080002e4                RCC_IRQHandler
                0x080002e4                TIM8_BRK_TIM12_IRQHandler
                0x080002e4                Default_Handler
                0x080002e4                EXTI15_10_IRQHandler
                0x080002e4                ADC_IRQHandler
                0x080002e4                DMA1_Stream7_IRQHandler
                0x080002e4                TIM7_IRQHandler
                0x080002e4                CAN2_TX_IRQHandler
                0x080002e4                TIM5_IRQHandler
                0x080002e4                DMA2_Stream7_IRQHandler
                0x080002e4                I2C3_EV_IRQHandler
                0x080002e4                EXTI9_5_IRQHandler
                0x080002e4                RTC_WKUP_IRQHandler
                0x080002e4                ETH_WKUP_IRQHandler
                0x080002e4                SPI2_IRQHandler
                0x080002e4                OTG_HS_EP1_IN_IRQHandler
                0x080002e4                DMA1_Stream0_IRQHandler
                0x080002e4                CAN1_TX_IRQHandler
                0x080002e4                EXTI4_IRQHandler
                0x080002e4                FSMC_IRQHandler
                0x080002e4                ETH_IRQHandler
                0x080002e4                OTG_HS_EP1_OUT_IRQHandler
                0x080002e4                WWDG_IRQHandler
                0x080002e4                TIM2_IRQHandler
                0x080002e4                OTG_FS_WKUP_IRQHandler
                0x080002e4                TIM1_TRG_COM_TIM11_IRQHandler
                0x080002e4                OTG_HS_IRQHandler
                0x080002e4                EXTI1_IRQHandler
                0x080002e4                USART2_IRQHandler
                0x080002e4                I2C2_ER_IRQHandler
                0x080002e4                DMA2_Stream1_IRQHandler
                0x080002e4                CAN1_SCE_IRQHandler
                0x080002e4                FLASH_IRQHandler
                0x080002e4                DMA2_Stream4_IRQHandler
                0x080002e4                USART1_IRQHandler
                0x080002e4                OTG_FS_IRQHandler
                0x080002e4                SPI3_IRQHandler
                0x080002e4                DMA1_Stream4_IRQHandler
                0x080002e4                I2C1_ER_IRQHandler
                0x080002e4                DMA2_Stream6_IRQHandler
                0x080002e4                DMA1_Stream3_IRQHandler
 .after_vectors
                0x080002e8        0x8 ./src/_initialize_hardware.o
                0x080002e8                SysTick_Handler

.inits          0x080002f0       0x28
                0x080002f0                __data_regions_array_start = .
                0x080002f0        0x4 LONG 0x800414c LOADADDR (.data)
                0x080002f4        0x4 LONG 0x20000000 ADDR (.data)
                0x080002f8        0x4 LONG 0x20000178 (ADDR (.data) + SIZEOF (.data))
                0x080002fc        0x4 LONG 0x800414c LOADADDR (.data_CCMRAM)
                0x08000300        0x4 LONG 0x10000000 ADDR (.data_CCMRAM)
                0x08000304        0x4 LONG 0x10000000 (ADDR (.data_CCMRAM) + SIZEOF (.data_CCMRAM))
                0x08000308                __data_regions_array_end = .
                0x08000308                __bss_regions_array_start = .
                0x08000308        0x4 LONG 0x20000178 ADDR (.bss)
                0x0800030c        0x4 LONG 0x200002f0 (ADDR (.bss) + SIZEOF (.bss))
                0x08000310        0x4 LONG 0x10000000 ADDR (.bss_CCMRAM)
                0x08000314        0x4 LONG 0x10000000 (ADDR (.bss_CCMRAM) + SIZEOF (.bss_CCMRAM))
                0x08000318                __bss_regions_array_end = .
 *(.init)
 *(.fini)
                0x08000318                . = ALIGN (0x4)
                0x08000318                PROVIDE (__preinit_array_start, .)
 *(.preinit_array_sysinit .preinit_array_sysinit.*)
 *(.preinit_array_platform .preinit_array_platform.*)
 *(.preinit_array .preinit_array.*)
                0x08000318                PROVIDE (__preinit_array_end, .)
                0x08000318                . = ALIGN (0x4)
                0x08000318                PROVIDE (__init_array_start, .)
 *(SORT(.init_array.*))
 *(.init_array)
                0x08000318                PROVIDE (__init_array_end, .)
                0x08000318                . = ALIGN (0x4)
                0x08000318                PROVIDE (__fini_array_start, .)
 *(SORT(.fini_array.*))
 *(.fini_array)
                0x08000318                PROVIDE (__fini_array_end, .)

.flashtext
 *(.flashtext .flashtext.*)

.text           0x08000320     0x3e2b
 *(.text .text.*)
 .text.HAL_InitTick
                0x08000320       0x28 ./system/src/stm32f4-hal/stm32f4xx_hal.o
                0x08000320                HAL_InitTick
 .text.HAL_Init
                0x08000348       0x34 ./system/src/stm32f4-hal/stm32f4xx_hal.o
                0x08000348                HAL_Init
 .text.HAL_IncTick
                0x0800037c       0x10 ./system/src/stm32f4-hal/stm32f4xx_hal.o
                0x0800037c                HAL_IncTick
 .text.HAL_GetTick
                0x0800038c        0xc ./system/src/stm32f4-hal/stm32f4xx_hal.o
                0x0800038c                HAL_GetTick
 .text.HAL_SuspendTick
                0x08000398       0x10 ./system/src/stm32f4-hal/stm32f4xx_hal.o
                0x08000398                HAL_SuspendTick
 .text.HAL_NVIC_SetPriorityGrouping
                0x080003a8       0x3c ./system/src/stm32f4-hal/stm32f4xx_hal_cortex.o
                0x080003a8                HAL_NVIC_SetPriorityGrouping
 .text.HAL_NVIC_SetPriority
                0x080003e4       0x84 ./system/src/stm32f4-hal/stm32f4xx_hal_cortex.o
                0x080003e4                HAL_NVIC_SetPriority
 .text.HAL_NVIC_EnableIRQ
                0x08000468       0x18 ./system/src/stm32f4-hal/stm32f4xx_hal_cortex.o
                0x08000468                HAL_NVIC_EnableIRQ
 .text.HAL_SYSTICK_Config
                0x08000480       0x2c ./system/src/stm32f4-hal/stm32f4xx_hal_cortex.o
                0x08000480                HAL_SYSTICK_Config
 .text.HAL_GPIO_Init
                0x080004ac      0x2d8 ./system/src/stm32f4-hal/stm32f4xx_hal_gpio.o
                0x080004ac                HAL_GPIO_Init
 .text.HAL_GPIO_ReadPin
                0x08000784       0x24 ./system/src/stm32f4-hal/stm32f4xx_hal_gpio.o
                0x08000784                HAL_GPIO_ReadPin
 .text.HAL_GPIO_WritePin
                0x080007a8       0x30 ./system/src/stm32f4-hal/stm32f4xx_hal_gpio.o
                0x080007a8                HAL_GPIO_WritePin
 .text.HAL_RCC_OscConfig
                0x080007d8      0x4b4 ./system/src/stm32f4-hal/stm32f4xx_hal_rcc.o
                0x080007d8                HAL_RCC_OscConfig
 .text.HAL_RCC_ClockConfig
                0x08000c8c      0x32c ./system/src/stm32f4-hal/stm32f4xx_hal_rcc.o
                0x08000c8c                HAL_RCC_ClockConfig
 .text.HAL_RCC_GetSysClockFreq
                0x08000fb8       0xb8 ./system/src/stm32f4-hal/stm32f4xx_hal_rcc.o
                0x08000fb8                HAL_RCC_GetSysClockFreq
 .text.HAL_RCC_GetHCLKFreq
                0x08001070       0x38 ./system/src/stm32f4-hal/stm32f4xx_hal_rcc.o
                0x08001070                HAL_RCC_GetHCLKFreq
 .text.TIM_OC1_SetConfig
                0x080010a8       0x68 ./system/src/stm32f4-hal/stm32f4xx_hal_tim.o
 .text.TIM_OC3_SetConfig
                0x08001110       0xb4 ./system/src/stm32f4-hal/stm32f4xx_hal_tim.o
 .text.TIM_OC4_SetConfig
                0x080011c4       0x7c ./system/src/stm32f4-hal/stm32f4xx_hal_tim.o
 .text.HAL_TIM_Base_MspInit
                0x08001240        0x4 ./system/src/stm32f4-hal/stm32f4xx_hal_tim.o
                0x08001240                HAL_TIM_Base_MspInit
 .text.HAL_TIM_Base_Start_IT
                0x08001244       0x9c ./system/src/stm32f4-hal/stm32f4xx_hal_tim.o
                0x08001244                HAL_TIM_Base_Start_IT
 .text.HAL_TIM_Base_Stop_IT
                0x080012e0       0xb0 ./system/src/stm32f4-hal/stm32f4xx_hal_tim.o
                0x080012e0                HAL_TIM_Base_Stop_IT
 .text.HAL_TIM_PWM_MspInit
                0x08001390        0x4 ./system/src/stm32f4-hal/stm32f4xx_hal_tim.o
                0x08001390                HAL_TIM_PWM_MspInit
 .text.HAL_TIM_OC_DelayElapsedCallback
                0x08001394        0x4 ./system/src/stm32f4-hal/stm32f4xx_hal_tim.o
                0x08001394                HAL_TIM_OC_DelayElapsedCallback
 .text.HAL_TIM_IC_CaptureCallback
                0x08001398        0x4 ./system/src/stm32f4-hal/stm32f4xx_hal_tim.o
                0x08001398                HAL_TIM_IC_CaptureCallback
 .text.HAL_TIM_PWM_PulseFinishedCallback
                0x0800139c        0x4 ./system/src/stm32f4-hal/stm32f4xx_hal_tim.o
                0x0800139c                HAL_TIM_PWM_PulseFinishedCallback
 .text.HAL_TIM_TriggerCallback
                0x080013a0        0x4 ./system/src/stm32f4-hal/stm32f4xx_hal_tim.o
                0x080013a0                HAL_TIM_TriggerCallback
 .text.HAL_TIM_IRQHandler
                0x080013a4      0x174 ./system/src/stm32f4-hal/stm32f4xx_hal_tim.o
                0x080013a4                HAL_TIM_IRQHandler
 .text.TIM_Base_SetConfig
                0x08001518      0x11c ./system/src/stm32f4-hal/stm32f4xx_hal_tim.o
                0x08001518                TIM_Base_SetConfig
 .text.HAL_TIM_Base_Init
                0x08001634       0xe8 ./system/src/stm32f4-hal/stm32f4xx_hal_tim.o
                0x08001634                HAL_TIM_Base_Init
 .text.HAL_TIM_PWM_Init
                0x0800171c       0xec ./system/src/stm32f4-hal/stm32f4xx_hal_tim.o
                0x0800171c                HAL_TIM_PWM_Init
 .text.TIM_OC2_SetConfig
                0x08001808       0xb8 ./system/src/stm32f4-hal/stm32f4xx_hal_tim.o
                0x08001808                TIM_OC2_SetConfig
 .text.HAL_TIM_PWM_ConfigChannel
                0x080018c0      0x29c ./system/src/stm32f4-hal/stm32f4xx_hal_tim.o
                0x080018c0                HAL_TIM_PWM_ConfigChannel
 .text.TIM_CCxChannelCmd
                0x08001b5c       0xac ./system/src/stm32f4-hal/stm32f4xx_hal_tim.o
                0x08001b5c                TIM_CCxChannelCmd
 .text.HAL_TIM_PWM_Start
                0x08001c08       0xe0 ./system/src/stm32f4-hal/stm32f4xx_hal_tim.o
                0x08001c08                HAL_TIM_PWM_Start
 .text.HAL_TIMEx_CommutationCallback
                0x08001ce8        0x4 ./system/src/stm32f4-hal/stm32f4xx_hal_tim_ex.o
                0x08001ce8                HAL_TIMEx_CommutationCallback
 .text.HAL_TIMEx_BreakCallback
                0x08001cec        0x4 ./system/src/stm32f4-hal/stm32f4xx_hal_tim_ex.o
                0x08001cec                HAL_TIMEx_BreakCallback
 .text._exit    0x08001cf0        0x4 ./system/src/newlib/_exit.o
                0x08001cf0                _exit
 .text.abort    0x08001cf4       0x14 ./system/src/newlib/_exit.o
                0x08001cf4                abort
 .text._sbrk    0x08001d08       0x44 ./system/src/newlib/_sbrk.o
                0x08001d08                _sbrk
 .text.__initialize_args
                0x08001d4c       0x10 ./system/src/newlib/_syscalls.o
                0x08001d4c                __initialize_args
 .text.__assert_func
                0x08001d5c       0x34 ./system/src/newlib/assert.o
                0x08001d5c                __assert_func
 .text.assert_failed
                0x08001d90       0x14 ./system/src/newlib/assert.o
                0x08001d90                assert_failed
 .text.trace_printf
                0x08001da4       0x30 ./system/src/diag/Trace.o
                0x08001da4                trace_printf
 .text.trace_puts
                0x08001dd4       0x20 ./system/src/diag/Trace.o
                0x08001dd4                trace_puts
 .text._trace_write_itm
                0x08001df4       0x48 ./system/src/diag/trace_impl.o
 .text.trace_write
                0x08001e3c        0x8 ./system/src/diag/trace_impl.o
                0x08001e3c                trace_write
 .text.__initialize_hardware_early
                0x08001e44        0x8 ./system/src/cortexm/_initialize_hardware.o
                0x08001e44                __initialize_hardware_early
 .text.SystemInit
                0x08001e4c       0x40 ./system/src/cmsis/system_stm32f4xx.o
                0x08001e4c                SystemInit
 .text.InitLcd  0x08001e8c       0x2c ./src/Lcd.o
                0x08001e8c                InitLcd
 .text.DrawMaze
                0x08001eb8       0xd0 ./src/Lcd.o
                0x08001eb8                DrawMaze
 .text.MoveCursor
                0x08001f88       0x54 ./src/Lcd.o
                0x08001f88                MoveCursor
 .text.CarryFigure
                0x08001fdc       0x4c ./src/Lcd.o
                0x08001fdc                CarryFigure
 .text.MoveCursorRight
                0x08002028       0x1c ./src/Lcd.o
                0x08002028                MoveCursorRight
 .text.MoveCursorLeft
                0x08002044       0x1c ./src/Lcd.o
                0x08002044                MoveCursorLeft
 .text.MoveCursorUp
                0x08002060       0x1c ./src/Lcd.o
                0x08002060                MoveCursorUp
 .text.MoveCursorDown
                0x0800207c       0x1c ./src/Lcd.o
                0x0800207c                MoveCursorDown
 .text.CarryFigureRight
                0x08002098       0x1c ./src/Lcd.o
                0x08002098                CarryFigureRight
 .text.CarryFigureLeft
                0x080020b4       0x1c ./src/Lcd.o
                0x080020b4                CarryFigureLeft
 .text.CarryFigureUp
                0x080020d0       0x1c ./src/Lcd.o
                0x080020d0                CarryFigureUp
 .text.CarryFigureDown
                0x080020ec       0x1c ./src/Lcd.o
                0x080020ec                CarryFigureDown
 .text.ShowMessage
                0x08002108       0xac ./src/Lcd.o
                0x08002108                ShowMessage
 .text.DrawTable
                0x080021b4      0x2ac ./src/Lcd.o
                0x080021b4                DrawTable
 .text.TogglePieces
                0x08002460       0x28 ./src/Lcd.o
                0x08002460                TogglePieces
 .text.SetupScreen
                0x08002488       0x8c ./src/Lcd.o
                0x08002488                SetupScreen
 .text.InitPorts
                0x08002514      0x100 ./src/Ports.o
                0x08002514                InitPorts
 .text.SelectChip1
                0x08002614       0x20 ./src/Ports.o
                0x08002614                SelectChip1
 .text.SelectChip2
                0x08002634       0x20 ./src/Ports.o
                0x08002634                SelectChip2
 .text.SetDataDirOut
                0x08002654       0x34 ./src/Ports.o
                0x08002654                SetDataDirOut
 .text.SetDataDirIn
                0x08002688       0x30 ./src/Ports.o
                0x08002688                SetDataDirIn
 .text.SetE     0x080026b8       0x3c ./src/Ports.o
                0x080026b8                SetE
 .text.ClearE   0x080026f4       0x14 ./src/Ports.o
                0x080026f4                ClearE
 .text.EPulse   0x08002708        0xc ./src/Ports.o
                0x08002708                EPulse
 .text.SetDataReg
                0x08002714       0x14 ./src/Ports.o
                0x08002714                SetDataReg
 .text.SetInstructionReg
                0x08002728       0x14 ./src/Ports.o
                0x08002728                SetInstructionReg
 .text.LcdReset
                0x0800273c       0x20 ./src/Ports.o
                0x0800273c                LcdReset
 .text.WaitBusy
                0x0800275c       0x54 ./src/Ports.o
                0x0800275c                WaitBusy
 .text.WriteData
                0x080027b0       0x28 ./src/Ports.o
                0x080027b0                WriteData
 .text.InitTimers
                0x080027d8       0xec ./src/Timer.o
                0x080027d8                InitTimers
 .text.StartBlinkTimer
                0x080028c4       0x10 ./src/Timer.o
                0x080028c4                StartBlinkTimer
 .text.StopBlinkTimer
                0x080028d4       0x10 ./src/Timer.o
                0x080028d4                StopBlinkTimer
 .text.TIM4_IRQHandler
                0x080028e4       0x10 ./src/Timer.o
                0x080028e4                TIM4_IRQHandler
 .text.TIM3_IRQHandler
                0x080028f4       0x10 ./src/Timer.o
                0x080028f4                TIM3_IRQHandler
 .text.HAL_TIM_PeriodElapsedCallback
                0x08002904       0x98 ./src/Timer.o
                0x08002904                HAL_TIM_PeriodElapsedCallback
 .text.configure_system_clock
                0x0800299c       0x68 ./src/_initialize_hardware.o
                0x0800299c                configure_system_clock
 .text.__initialize_hardware
                0x08002a04       0x14 ./src/_initialize_hardware.o
                0x08002a04                __initialize_hardware
 .text.HAL_MspInit
                0x08002a18       0x18 ./src/bsp.o
                0x08002a18                HAL_MspInit
 .text.RestartGame
                0x08002a30       0xd8 ./src/game.o
                0x08002a30                RestartGame
 .text.SetFigure
                0x08002b08       0x30 ./src/game.o
                0x08002b08                SetFigure
 .text.ThrowBack
                0x08002b38       0x64 ./src/game.o
                0x08002b38                ThrowBack
 .text.ShowStep
                0x08002b9c       0x44 ./src/game.o
                0x08002b9c                ShowStep
 .text.IsHitPossible
                0x08002be0      0x128 ./src/game.o
                0x08002be0                IsHitPossible
 .text.IsMovePossible
                0x08002d08      0x130 ./src/game.o
                0x08002d08                IsMovePossible
 .text.ChangePlayer
                0x08002e38       0xe4 ./src/game.o
                0x08002e38                ChangePlayer
 .text.SelectFigure
                0x08002f1c       0x78 ./src/game.o
                0x08002f1c                SelectFigure
 .text.PlaceFigure
                0x08002f94      0x3d8 ./src/game.o
                0x08002f94                PlaceFigure
 .text.main     0x0800336c       0x84 ./src/main.o
                0x0800336c                main
 .text.__errno  0x080033f0        0xc c:/program files (x86)/gnu tools arm embedded/5.2 2015q4/bin/../lib/gcc/arm-none-eabi/5.2.1/../../../../arm-none-eabi/lib/armv7e-m\libg_nano.a(lib_a-errno.o)
                0x080033f0                __errno
 .text          0x080033fc       0x10 c:/program files (x86)/gnu tools arm embedded/5.2 2015q4/bin/../lib/gcc/arm-none-eabi/5.2.1/../../../../arm-none-eabi/lib/armv7e-m\libg_nano.a(lib_a-strlen.o)
                0x080033fc                strlen
 .text._vsnprintf_r
                0x0800340c       0x56 c:/program files (x86)/gnu tools arm embedded/5.2 2015q4/bin/../lib/gcc/arm-none-eabi/5.2.1/../../../../arm-none-eabi/lib/armv7e-m\libg_nano.a(lib_a-vsnprintf.o)
                0x0800340c                _vsniprintf_r
                0x0800340c                _vsnprintf_r
 *fill*         0x08003462        0x2 
 .text.vsnprintf
                0x08003464       0x1c c:/program files (x86)/gnu tools arm embedded/5.2 2015q4/bin/../lib/gcc/arm-none-eabi/5.2.1/../../../../arm-none-eabi/lib/armv7e-m\libg_nano.a(lib_a-vsnprintf.o)
                0x08003464                vsniprintf
                0x08003464                vsnprintf
 .text.__ssputs_r
                0x08003480       0xb2 c:/program files (x86)/gnu tools arm embedded/5.2 2015q4/bin/../lib/gcc/arm-none-eabi/5.2.1/../../../../arm-none-eabi/lib/armv7e-m\libg_nano.a(lib_a-nano-svfprintf.o)
                0x08003480                __ssputs_r
 *fill*         0x08003532        0x2 
 .text._svfprintf_r
                0x08003534      0x1e8 c:/program files (x86)/gnu tools arm embedded/5.2 2015q4/bin/../lib/gcc/arm-none-eabi/5.2.1/../../../../arm-none-eabi/lib/armv7e-m\libg_nano.a(lib_a-nano-svfprintf.o)
                0x08003534                _svfiprintf_r
                0x08003534                _svfprintf_r
 .text._printf_common
                0x0800371c       0xec c:/program files (x86)/gnu tools arm embedded/5.2 2015q4/bin/../lib/gcc/arm-none-eabi/5.2.1/../../../../arm-none-eabi/lib/armv7e-m\libg_nano.a(lib_a-nano-vfprintf_i.o)
                0x0800371c                _printf_common
 .text._printf_i
                0x08003808      0x24c c:/program files (x86)/gnu tools arm embedded/5.2 2015q4/bin/../lib/gcc/arm-none-eabi/5.2.1/../../../../arm-none-eabi/lib/armv7e-m\libg_nano.a(lib_a-nano-vfprintf_i.o)
                0x08003808                _printf_i
 *fill*         0x08003a54        0xc 
 .text          0x08003a60       0xa0 c:/program files (x86)/gnu tools arm embedded/5.2 2015q4/bin/../lib/gcc/arm-none-eabi/5.2.1/../../../../arm-none-eabi/lib/armv7e-m\libg_nano.a(lib_a-memchr.o)
                0x08003a60                memchr
 .text.memcpy   0x08003b00       0x16 c:/program files (x86)/gnu tools arm embedded/5.2 2015q4/bin/../lib/gcc/arm-none-eabi/5.2.1/../../../../arm-none-eabi/lib/armv7e-m\libg_nano.a(lib_a-memcpy-stub.o)
                0x08003b00                memcpy
 .text.memmove  0x08003b16       0x36 c:/program files (x86)/gnu tools arm embedded/5.2 2015q4/bin/../lib/gcc/arm-none-eabi/5.2.1/../../../../arm-none-eabi/lib/armv7e-m\libg_nano.a(lib_a-memmove.o)
                0x08003b16                memmove
 .text._free_r  0x08003b4c       0x8c c:/program files (x86)/gnu tools arm embedded/5.2 2015q4/bin/../lib/gcc/arm-none-eabi/5.2.1/../../../../arm-none-eabi/lib/armv7e-m\libg_nano.a(lib_a-nano-freer.o)
                0x08003b4c                _free_r
 .text._malloc_r
                0x08003bd8       0xa8 c:/program files (x86)/gnu tools arm embedded/5.2 2015q4/bin/../lib/gcc/arm-none-eabi/5.2.1/../../../../arm-none-eabi/lib/armv7e-m\libg_nano.a(lib_a-nano-mallocr.o)
                0x08003bd8                _malloc_r
 .text._realloc_r
                0x08003c80       0x4c c:/program files (x86)/gnu tools arm embedded/5.2 2015q4/bin/../lib/gcc/arm-none-eabi/5.2.1/../../../../arm-none-eabi/lib/armv7e-m\libg_nano.a(lib_a-nano-reallocr.o)
                0x08003c80                _realloc_r
 .text._sbrk_r  0x08003ccc       0x20 c:/program files (x86)/gnu tools arm embedded/5.2 2015q4/bin/../lib/gcc/arm-none-eabi/5.2.1/../../../../arm-none-eabi/lib/armv7e-m\libg_nano.a(lib_a-sbrkr.o)
                0x08003ccc                _sbrk_r
 .text._malloc_usable_size_r
                0x08003cec       0x14 c:/program files (x86)/gnu tools arm embedded/5.2 2015q4/bin/../lib/gcc/arm-none-eabi/5.2.1/../../../../arm-none-eabi/lib/armv7e-m\libg_nano.a(lib_a-nano-msizer.o)
                0x08003cec                _malloc_usable_size_r
 *(.rodata .rodata.* .constdata .constdata.*)
 .rodata.str1.4
                0x08003d00       0x31 ./system/src/stm32f4-hal/stm32f4xx_hal_cortex.o
 *fill*         0x08003d31        0x3 
 .rodata.str1.4
                0x08003d34       0x2f ./system/src/stm32f4-hal/stm32f4xx_hal_gpio.o
 *fill*         0x08003d63        0x1 
 .rodata.APBAHBPrescTable
                0x08003d64       0x10 ./system/src/stm32f4-hal/stm32f4xx_hal_rcc.o
                0x08003d64                APBAHBPrescTable
 .rodata.str1.4
                0x08003d74       0x2e ./system/src/stm32f4-hal/stm32f4xx_hal_rcc.o
 *fill*         0x08003da2        0x2 
 .rodata.str1.4
                0x08003da4       0x2e ./system/src/stm32f4-hal/stm32f4xx_hal_tim.o
 *fill*         0x08003dd2        0x2 
 .rodata.str1.4
                0x08003dd4       0x14 ./system/src/newlib/_exit.o
 .rodata.str1.4
                0x08003de8       0x6b ./system/src/newlib/assert.o
                                 0x6f (size before relaxing)
 *fill*         0x08003e53        0x1 
 .rodata.str1.4
                0x08003e54       0x2d ./system/src/diag/Trace.o
 *fill*         0x08003e81        0x3 
 .rodata.ASCII  0x08003e84      0x1ef ./src/Lcd.o
                0x08003e84                ASCII
 *fill*         0x08004073        0x1 
 .rodata.str1.4
                0x08004074       0x31 ./src/Lcd.o
 *fill*         0x080040a5        0x3 
 .rodata.__func__.9455
                0x080040a8        0x9 ./src/Lcd.o
 *fill*         0x080040b1        0x3 
 .rodata.__func__.9460
                0x080040b4        0xc ./src/game.o
 .rodata.__func__.9427
                0x080040c0        0xf ./src/game.o
 *fill*         0x080040cf        0x1 
 .rodata.str1.4
                0x080040d0       0x3c ./src/game.o
                                 0x5e (size before relaxing)
 .rodata.__func__.9408
                0x0800410c        0xa ./src/game.o
 .rodata.str1.1
                0x08004116        0x2 c:/program files (x86)/gnu tools arm embedded/5.2 2015q4/bin/../lib/gcc/arm-none-eabi/5.2.1/../../../../arm-none-eabi/lib/armv7e-m\libg_nano.a(lib_a-impure.o)
 .rodata.str1.1
                0x08004118       0x11 c:/program files (x86)/gnu tools arm embedded/5.2 2015q4/bin/../lib/gcc/arm-none-eabi/5.2.1/../../../../arm-none-eabi/lib/armv7e-m\libg_nano.a(lib_a-nano-svfprintf.o)
 .rodata.str1.1
                0x08004129       0x22 c:/program files (x86)/gnu tools arm embedded/5.2 2015q4/bin/../lib/gcc/arm-none-eabi/5.2.1/../../../../arm-none-eabi/lib/armv7e-m\libg_nano.a(lib_a-nano-vfprintf_i.o)
 *(vtable)
 *(.eh_frame*)
 *(.glue_7)
 .glue_7        0x0800414b        0x0 linker stubs
 *(.glue_7t)
 .glue_7t       0x0800414b        0x0 linker stubs

.vfp11_veneer   0x0800414c        0x0
 .vfp11_veneer  0x0800414c        0x0 linker stubs

.v4_bx          0x0800414c        0x0
 .v4_bx         0x0800414c        0x0 linker stubs

.iplt           0x0800414c        0x0
 .iplt          0x0800414c        0x0 ./system/src/stm32f4-hal/stm32f4xx_hal.o

.rel.dyn        0x0800414c        0x0
 .rel.iplt      0x0800414c        0x0 ./system/src/stm32f4-hal/stm32f4xx_hal.o

.ARM.extab
 *(.ARM.extab* .gnu.linkonce.armextab.*)
                0x0800414c                . = ALIGN (0x4)
                0x0800414c                __exidx_start = .

.ARM.exidx
 *(.ARM.exidx* .gnu.linkonce.armexidx.*)
                0x0800414c                __exidx_end = .
                0x0800414c                . = ALIGN (0x4)
                0x0800414c                _etext = .
                0x0800414c                __etext = .

.data_CCMRAM    0x10000000        0x0 load address 0x0800414c
 FILL mask 0xff
 *(.data.CCMRAM .data.CCMRAM.*)
                0x10000000                . = ALIGN (0x4)
                0x0800414c                _sidata = LOADADDR (.data)

.data           0x20000000      0x178 load address 0x0800414c
 FILL mask 0xff
                0x20000000                _sdata = .
                0x20000000                __data_start__ = .
 *(.data_begin .data_begin.*)
 .data_begin    0x20000000        0x4 ./system/src/newlib/_startup.o
 *(.data .data.*)
 .data.argv.4710
                0x20000004        0x8 ./system/src/newlib/_syscalls.o
 .data.SystemCoreClock
                0x2000000c        0x4 ./system/src/cmsis/system_stm32f4xx.o
                0x2000000c                SystemCoreClock
 .data.Pattern  0x20000010       0x30 ./src/Lcd.o
                0x20000010                Pattern
 .data.PlayerSignal
                0x20000040        0x6 ./src/Lcd.o
                0x20000040                PlayerSignal
 .data.DisplayState.9395
                0x20000046        0x1 ./src/Lcd.o
 *fill*         0x20000047        0x1 ff
 .data.btn      0x20000048        0x5 ./src/Timer.o
                0x20000048                btn
 *fill*         0x2000004d        0x3 ff
 .data.EventHandler
                0x20000050       0x3c ./src/game.o
                0x20000050                EventHandler
 .data.Table    0x2000008c       0x40 ./src/game.o
                0x2000008c                Table
 .data.ReverseEventHandler
                0x200000cc       0x3c ./src/game.o
                0x200000cc                ReverseEventHandler
 .data.ActualPlayer
                0x20000108        0x1 ./src/game.o
                0x20000108                ActualPlayer
 *fill*         0x20000109        0x3 ff
 .data.FigureNum
                0x2000010c        0x2 ./src/game.o
                0x2000010c                FigureNum
 *fill*         0x2000010e        0x2 ff
 .data.impure_data
                0x20000110       0x60 c:/program files (x86)/gnu tools arm embedded/5.2 2015q4/bin/../lib/gcc/arm-none-eabi/5.2.1/../../../../arm-none-eabi/lib/armv7e-m\libg_nano.a(lib_a-impure.o)
 .data._impure_ptr
                0x20000170        0x4 c:/program files (x86)/gnu tools arm embedded/5.2 2015q4/bin/../lib/gcc/arm-none-eabi/5.2.1/../../../../arm-none-eabi/lib/armv7e-m\libg_nano.a(lib_a-impure.o)
                0x20000170                _impure_ptr
 *(.data_end .data_end.*)
 .data_end      0x20000174        0x4 ./system/src/newlib/_startup.o
                0x20000178                . = ALIGN (0x4)
                0x20000178                _edata = .
                0x20000178                __data_end__ = .

.igot.plt       0x20000178        0x0 load address 0x080042c4
 .igot.plt      0x20000178        0x0 ./system/src/stm32f4-hal/stm32f4xx_hal.o

.bss_CCMRAM     0x10000000        0x0
 *(.bss.CCMRAM .bss.CCMRAM.*)

.bss            0x20000178      0x178
                0x20000178                __bss_start__ = .
                0x20000178                _sbss = .
 *(.bss_begin .bss_begin.*)
 .bss_begin     0x20000178        0x4 ./system/src/newlib/_startup.o
 *(.bss .bss.*)
 .bss.uwTick    0x2000017c        0x4 ./system/src/stm32f4-hal/stm32f4xx_hal.o
 .bss.current_heap_end.4422
                0x20000180        0x4 ./system/src/newlib/_sbrk.o
 .bss.name.4709
                0x20000184        0x1 ./system/src/newlib/_syscalls.o
 *fill*         0x20000185        0x3 
 .bss.buf.5558  0x20000188       0x80 ./system/src/diag/Trace.o
 .bss.ToggleSignal
                0x20000208        0x4 ./src/Timer.o
                0x20000208                ToggleSignal
 .bss.ButtonEvent
                0x2000020c        0x4 ./src/Timer.o
                0x2000020c                ButtonEvent
 .bss.NewEvent  0x20000210        0x4 ./src/Timer.o
                0x20000210                NewEvent
 .bss.HitObligation
                0x20000214        0x1 ./src/game.o
                0x20000214                HitObligation
 .bss.CursorX   0x20000215        0x1 ./src/game.o
                0x20000215                CursorX
 .bss.CursorY   0x20000216        0x1 ./src/game.o
                0x20000216                CursorY
 .bss.GameState
                0x20000217        0x1 ./src/game.o
                0x20000217                GameState
 .bss.Points    0x20000218        0x2 ./src/game.o
                0x20000218                Points
 .bss.HitChain  0x2000021a        0x1 ./src/game.o
                0x2000021a                HitChain
 *fill*         0x2000021b        0x1 
 .bss.__malloc_sbrk_start
                0x2000021c        0x4 c:/program files (x86)/gnu tools arm embedded/5.2 2015q4/bin/../lib/gcc/arm-none-eabi/5.2.1/../../../../arm-none-eabi/lib/armv7e-m\libg_nano.a(lib_a-nano-mallocr.o)
                0x2000021c                __malloc_sbrk_start
 .bss.__malloc_free_list
                0x20000220        0x4 c:/program files (x86)/gnu tools arm embedded/5.2 2015q4/bin/../lib/gcc/arm-none-eabi/5.2.1/../../../../arm-none-eabi/lib/armv7e-m\libg_nano.a(lib_a-nano-mallocr.o)
                0x20000220                __malloc_free_list
 *(COMMON)
 COMMON         0x20000224        0x4 ./system/src/newlib/_syscalls.o
                0x20000224                errno
 COMMON         0x20000228        0x9 ./src/Lcd.o
                0x20000228                Text1
                0x2000022c                Text2
                0x20000230                CarriedFigure
 *fill*         0x20000231        0x3 
 COMMON         0x20000234       0xb4 ./src/Timer.o
                0x20000234                tim3
                0x20000270                tim8
                0x200002ac                tim4
 COMMON         0x200002e8        0x2 ./src/game.o
                0x200002e8                PrevX
                0x200002e9                PrevY
 *(.bss_end .bss_end.*)
 *fill*         0x200002ea        0x2 
 .bss_end       0x200002ec        0x4 ./system/src/newlib/_startup.o
                0x200002f0                . = ALIGN (0x4)
                0x200002f0                __bss_end__ = .
                0x200002f0                _ebss = .

.noinit_CCMRAM
 *(.noinit.CCMRAM .noinit.CCMRAM.*)

.noinit         0x200002f0        0x0
                0x200002f0                _noinit = .
 *(.noinit .noinit.*)
                0x200002f0                . = ALIGN (0x4)
                0x200002f0                _end_noinit = .
                [!provide]                PROVIDE (end, _end_noinit)
                [!provide]                PROVIDE (_end, _end_noinit)
                [!provide]                PROVIDE (__end, _end_noinit)
                [!provide]                PROVIDE (__end__, _end_noinit)

._check_stack   0x200002f0      0x100
                0x200003f0                . = (. + _Minimum_Stack_Size)
 *fill*         0x200002f0      0x100 

.b1text
 *(.b1text)
 *(.b1rodata)
 *(.b1rodata.*)

.eb0text
 *(.eb0text)
 *(.eb0rodata)
 *(.eb0rodata.*)

.eb1text
 *(.eb1text)
 *(.eb1rodata)
 *(.eb1rodata.*)

.eb2text
 *(.eb2text)
 *(.eb2rodata)
 *(.eb2rodata.*)

.eb3text
 *(.eb3text)
 *(.eb3rodata)
 *(.eb3rodata.*)

.stab
 *(.stab)

.stabstr
 *(.stabstr)

.stab.excl
 *(.stab.excl)

.stab.exclstr
 *(.stab.exclstr)

.stab.index
 *(.stab.index)

.stab.indexstr
 *(.stab.indexstr)

.comment        0x00000000       0x6e
 *(.comment)
 .comment       0x00000000       0x6e ./system/src/stm32f4-hal/stm32f4xx_hal.o
                                 0x6f (size before relaxing)
 .comment       0x0000006e       0x6f ./system/src/stm32f4-hal/stm32f4xx_hal_cortex.o
 .comment       0x0000006e       0x6f ./system/src/stm32f4-hal/stm32f4xx_hal_gpio.o
 .comment       0x0000006e       0x6f ./system/src/stm32f4-hal/stm32f4xx_hal_rcc.o
 .comment       0x0000006e       0x6f ./system/src/stm32f4-hal/stm32f4xx_hal_tim.o
 .comment       0x0000006e       0x6f ./system/src/stm32f4-hal/stm32f4xx_hal_tim_ex.o
 .comment       0x0000006e       0x6f ./system/src/newlib/_exit.o
 .comment       0x0000006e       0x6f ./system/src/newlib/_sbrk.o
 .comment       0x0000006e       0x6f ./system/src/newlib/_startup.o
 .comment       0x0000006e       0x6f ./system/src/newlib/_syscalls.o
 .comment       0x0000006e       0x6f ./system/src/newlib/assert.o
 .comment       0x0000006e       0x6f ./system/src/diag/Trace.o
 .comment       0x0000006e       0x6f ./system/src/diag/trace_impl.o
 .comment       0x0000006e       0x6f ./system/src/cortexm/_initialize_hardware.o
 .comment       0x0000006e       0x6f ./system/src/cortexm/exception_handlers.o
 .comment       0x0000006e       0x6f ./system/src/cmsis/system_stm32f4xx.o
 .comment       0x0000006e       0x6f ./system/src/cmsis/vectors_stm32f4xx.o
 .comment       0x0000006e       0x6f ./src/Lcd.o
 .comment       0x0000006e       0x6f ./src/Ports.o
 .comment       0x0000006e       0x6f ./src/Timer.o
 .comment       0x0000006e       0x6f ./src/_initialize_hardware.o
 .comment       0x0000006e       0x6f ./src/bsp.o
 .comment       0x0000006e       0x6f ./src/game.o
 .comment       0x0000006e       0x6f ./src/main.o

.ARM.attributes
                0x00000000       0x31
 .ARM.attributes
                0x00000000       0x33 ./system/src/stm32f4-hal/stm32f4xx_hal.o
 .ARM.attributes
                0x00000033       0x33 ./system/src/stm32f4-hal/stm32f4xx_hal_cortex.o
 .ARM.attributes
                0x00000066       0x33 ./system/src/stm32f4-hal/stm32f4xx_hal_gpio.o
 .ARM.attributes
                0x00000099       0x33 ./system/src/stm32f4-hal/stm32f4xx_hal_rcc.o
 .ARM.attributes
                0x000000cc       0x33 ./system/src/stm32f4-hal/stm32f4xx_hal_tim.o
 .ARM.attributes
                0x000000ff       0x33 ./system/src/stm32f4-hal/stm32f4xx_hal_tim_ex.o
 .ARM.attributes
                0x00000132       0x33 ./system/src/newlib/_exit.o
 .ARM.attributes
                0x00000165       0x33 ./system/src/newlib/_sbrk.o
 .ARM.attributes
                0x00000198       0x33 ./system/src/newlib/_startup.o
 .ARM.attributes
                0x000001cb       0x33 ./system/src/newlib/_syscalls.o
 .ARM.attributes
                0x000001fe       0x33 ./system/src/newlib/assert.o
 .ARM.attributes
                0x00000231       0x33 ./system/src/diag/Trace.o
 .ARM.attributes
                0x00000264       0x33 ./system/src/diag/trace_impl.o
 .ARM.attributes
                0x00000297       0x33 ./system/src/cortexm/_initialize_hardware.o
 .ARM.attributes
                0x000002ca       0x33 ./system/src/cortexm/exception_handlers.o
 .ARM.attributes
                0x000002fd       0x33 ./system/src/cmsis/system_stm32f4xx.o
 .ARM.attributes
                0x00000330       0x33 ./system/src/cmsis/vectors_stm32f4xx.o
 .ARM.attributes
                0x00000363       0x33 ./src/Lcd.o
 .ARM.attributes
                0x00000396       0x33 ./src/Ports.o
 .ARM.attributes
                0x000003c9       0x33 ./src/Timer.o
 .ARM.attributes
                0x000003fc       0x33 ./src/_initialize_hardware.o
 .ARM.attributes
                0x0000042f       0x33 ./src/bsp.o
 .ARM.attributes
                0x00000462       0x33 ./src/game.o
 .ARM.attributes
                0x00000495       0x33 ./src/main.o
 .ARM.attributes
                0x000004c8       0x2e c:/program files (x86)/gnu tools arm embedded/5.2 2015q4/bin/../lib/gcc/arm-none-eabi/5.2.1/../../../../arm-none-eabi/lib/armv7e-m\libg_nano.a(lib_a-errno.o)
 .ARM.attributes
                0x000004f6       0x2e c:/program files (x86)/gnu tools arm embedded/5.2 2015q4/bin/../lib/gcc/arm-none-eabi/5.2.1/../../../../arm-none-eabi/lib/armv7e-m\libg_nano.a(lib_a-impure.o)
 .ARM.attributes
                0x00000524       0x17 c:/program files (x86)/gnu tools arm embedded/5.2 2015q4/bin/../lib/gcc/arm-none-eabi/5.2.1/../../../../arm-none-eabi/lib/armv7e-m\libg_nano.a(lib_a-strlen.o)
 .ARM.attributes
                0x0000053b       0x2e c:/program files (x86)/gnu tools arm embedded/5.2 2015q4/bin/../lib/gcc/arm-none-eabi/5.2.1/../../../../arm-none-eabi/lib/armv7e-m\libg_nano.a(lib_a-vsnprintf.o)
 .ARM.attributes
                0x00000569       0x2e c:/program files (x86)/gnu tools arm embedded/5.2 2015q4/bin/../lib/gcc/arm-none-eabi/5.2.1/../../../../arm-none-eabi/lib/armv7e-m\libg_nano.a(lib_a-nano-svfprintf.o)
 .ARM.attributes
                0x00000597       0x2e c:/program files (x86)/gnu tools arm embedded/5.2 2015q4/bin/../lib/gcc/arm-none-eabi/5.2.1/../../../../arm-none-eabi/lib/armv7e-m\libg_nano.a(lib_a-nano-vfprintf_i.o)
 .ARM.attributes
                0x000005c5       0x1c c:/program files (x86)/gnu tools arm embedded/5.2 2015q4/bin/../lib/gcc/arm-none-eabi/5.2.1/../../../../arm-none-eabi/lib/armv7e-m\libg_nano.a(lib_a-memchr.o)
 .ARM.attributes
                0x000005e1       0x2e c:/program files (x86)/gnu tools arm embedded/5.2 2015q4/bin/../lib/gcc/arm-none-eabi/5.2.1/../../../../arm-none-eabi/lib/armv7e-m\libg_nano.a(lib_a-memcpy-stub.o)
 .ARM.attributes
                0x0000060f       0x2e c:/program files (x86)/gnu tools arm embedded/5.2 2015q4/bin/../lib/gcc/arm-none-eabi/5.2.1/../../../../arm-none-eabi/lib/armv7e-m\libg_nano.a(lib_a-memmove.o)
 .ARM.attributes
                0x0000063d       0x2e c:/program files (x86)/gnu tools arm embedded/5.2 2015q4/bin/../lib/gcc/arm-none-eabi/5.2.1/../../../../arm-none-eabi/lib/armv7e-m\libg_nano.a(lib_a-nano-freer.o)
 .ARM.attributes
                0x0000066b       0x2e c:/program files (x86)/gnu tools arm embedded/5.2 2015q4/bin/../lib/gcc/arm-none-eabi/5.2.1/../../../../arm-none-eabi/lib/armv7e-m\libg_nano.a(lib_a-nano-mallocr.o)
 .ARM.attributes
                0x00000699       0x2e c:/program files (x86)/gnu tools arm embedded/5.2 2015q4/bin/../lib/gcc/arm-none-eabi/5.2.1/../../../../arm-none-eabi/lib/armv7e-m\libg_nano.a(lib_a-nano-reallocr.o)
 .ARM.attributes
                0x000006c7       0x2e c:/program files (x86)/gnu tools arm embedded/5.2 2015q4/bin/../lib/gcc/arm-none-eabi/5.2.1/../../../../arm-none-eabi/lib/armv7e-m\libg_nano.a(lib_a-sbrkr.o)
 .ARM.attributes
                0x000006f5       0x2e c:/program files (x86)/gnu tools arm embedded/5.2 2015q4/bin/../lib/gcc/arm-none-eabi/5.2.1/../../../../arm-none-eabi/lib/armv7e-m\libg_nano.a(lib_a-nano-msizer.o)

.debug
 *(.debug)

.line
 *(.line)

.debug_srcinfo
 *(.debug_srcinfo)

.debug_sfnames
 *(.debug_sfnames)

.debug_aranges  0x00000000      0xbb8
 *(.debug_aranges)
 .debug_aranges
                0x00000000       0xc0 ./system/src/stm32f4-hal/stm32f4xx_hal.o
 .debug_aranges
                0x000000c0       0x90 ./system/src/stm32f4-hal/stm32f4xx_hal_cortex.o
 .debug_aranges
                0x00000150       0x58 ./system/src/stm32f4-hal/stm32f4xx_hal_gpio.o
 .debug_aranges
                0x000001a8       0x88 ./system/src/stm32f4-hal/stm32f4xx_hal_rcc.o
 .debug_aranges
                0x00000230      0x358 ./system/src/stm32f4-hal/stm32f4xx_hal_tim.o
 .debug_aranges
                0x00000588      0x140 ./system/src/stm32f4-hal/stm32f4xx_hal_tim_ex.o
 .debug_aranges
                0x000006c8       0x28 ./system/src/newlib/_exit.o
 .debug_aranges
                0x000006f0       0x20 ./system/src/newlib/_sbrk.o
 .debug_aranges
                0x00000710       0x40 ./system/src/newlib/_startup.o
 .debug_aranges
                0x00000750       0xd0 ./system/src/newlib/_syscalls.o
 .debug_aranges
                0x00000820       0x28 ./system/src/newlib/assert.o
 .debug_aranges
                0x00000848       0x38 ./system/src/diag/Trace.o
 .debug_aranges
                0x00000880       0x30 ./system/src/diag/trace_impl.o
 .debug_aranges
                0x000008b0       0x28 ./system/src/cortexm/_initialize_hardware.o
 .debug_aranges
                0x000008d8       0x68 ./system/src/cortexm/exception_handlers.o
 .debug_aranges
                0x00000940       0x28 ./system/src/cmsis/system_stm32f4xx.o
 .debug_aranges
                0x00000968       0x20 ./system/src/cmsis/vectors_stm32f4xx.o
 .debug_aranges
                0x00000988       0x98 ./src/Lcd.o
 .debug_aranges
                0x00000a20       0x80 ./src/Ports.o
 .debug_aranges
                0x00000aa0       0x48 ./src/Timer.o
 .debug_aranges
                0x00000ae8       0x30 ./src/_initialize_hardware.o
 .debug_aranges
                0x00000b18       0x20 ./src/bsp.o
 .debug_aranges
                0x00000b38       0x60 ./src/game.o
 .debug_aranges
                0x00000b98       0x20 ./src/main.o

.debug_pubnames
 *(.debug_pubnames)

.debug_info     0x00000000     0xe407
 *(.debug_info .gnu.linkonce.wi.*)
 .debug_info    0x00000000      0x876 ./system/src/stm32f4-hal/stm32f4xx_hal.o
 .debug_info    0x00000876      0xd6c ./system/src/stm32f4-hal/stm32f4xx_hal_cortex.o
 .debug_info    0x000015e2      0x832 ./system/src/stm32f4-hal/stm32f4xx_hal_gpio.o
 .debug_info    0x00001e14     0x1269 ./system/src/stm32f4-hal/stm32f4xx_hal_rcc.o
 .debug_info    0x0000307d     0x416c ./system/src/stm32f4-hal/stm32f4xx_hal_tim.o
 .debug_info    0x000071e9     0x186f ./system/src/stm32f4-hal/stm32f4xx_hal_tim_ex.o
 .debug_info    0x00008a58       0xef ./system/src/newlib/_exit.o
 .debug_info    0x00008b47      0x11f ./system/src/newlib/_sbrk.o
 .debug_info    0x00008c66      0x4fa ./system/src/newlib/_startup.o
 .debug_info    0x00009160      0x8fd ./system/src/newlib/_syscalls.o
 .debug_info    0x00009a5d      0x1b9 ./system/src/newlib/assert.o
 .debug_info    0x00009c16      0x2e7 ./system/src/diag/Trace.o
 .debug_info    0x00009efd      0x3fe ./system/src/diag/trace_impl.o
 .debug_info    0x0000a2fb       0xf2 ./system/src/cortexm/_initialize_hardware.o
 .debug_info    0x0000a3ed       0xed ./system/src/cortexm/exception_handlers.o
 .debug_info    0x0000a4da      0x4a7 ./system/src/cmsis/system_stm32f4xx.o
 .debug_info    0x0000a981       0x92 ./system/src/cmsis/vectors_stm32f4xx.o
 .debug_info    0x0000aa13      0xbac ./src/Lcd.o
 .debug_info    0x0000b5bf      0xac9 ./src/Ports.o
 .debug_info    0x0000c088      0xf13 ./src/Timer.o
 .debug_info    0x0000cf9b      0x4b7 ./src/_initialize_hardware.o
 .debug_info    0x0000d452      0x2ea ./src/bsp.o
 .debug_info    0x0000d73c      0x9e0 ./src/game.o
 .debug_info    0x0000e11c      0x2eb ./src/main.o

.debug_abbrev   0x00000000     0x2301
 *(.debug_abbrev)
 .debug_abbrev  0x00000000      0x1d1 ./system/src/stm32f4-hal/stm32f4xx_hal.o
 .debug_abbrev  0x000001d1      0x2ff ./system/src/stm32f4-hal/stm32f4xx_hal_cortex.o
 .debug_abbrev  0x000004d0      0x1f9 ./system/src/stm32f4-hal/stm32f4xx_hal_gpio.o
 .debug_abbrev  0x000006c9      0x2b4 ./system/src/stm32f4-hal/stm32f4xx_hal_rcc.o
 .debug_abbrev  0x0000097d      0x22c ./system/src/stm32f4-hal/stm32f4xx_hal_tim.o
 .debug_abbrev  0x00000ba9      0x212 ./system/src/stm32f4-hal/stm32f4xx_hal_tim_ex.o
 .debug_abbrev  0x00000dbb       0x8e ./system/src/newlib/_exit.o
 .debug_abbrev  0x00000e49       0xb9 ./system/src/newlib/_sbrk.o
 .debug_abbrev  0x00000f02      0x1d4 ./system/src/newlib/_startup.o
 .debug_abbrev  0x000010d6      0x169 ./system/src/newlib/_syscalls.o
 .debug_abbrev  0x0000123f       0xab ./system/src/newlib/assert.o
 .debug_abbrev  0x000012ea      0x156 ./system/src/diag/Trace.o
 .debug_abbrev  0x00001440      0x188 ./system/src/diag/trace_impl.o
 .debug_abbrev  0x000015c8       0x88 ./system/src/cortexm/_initialize_hardware.o
 .debug_abbrev  0x00001650       0x68 ./system/src/cortexm/exception_handlers.o
 .debug_abbrev  0x000016b8      0x104 ./system/src/cmsis/system_stm32f4xx.o
 .debug_abbrev  0x000017bc       0x92 ./system/src/cmsis/vectors_stm32f4xx.o
 .debug_abbrev  0x0000184e      0x1fb ./src/Lcd.o
 .debug_abbrev  0x00001a49      0x1b7 ./src/Ports.o
 .debug_abbrev  0x00001c00      0x1f5 ./src/Timer.o
 .debug_abbrev  0x00001df5      0x141 ./src/_initialize_hardware.o
 .debug_abbrev  0x00001f36       0xf3 ./src/bsp.o
 .debug_abbrev  0x00002029      0x1e8 ./src/game.o
 .debug_abbrev  0x00002211       0xf0 ./src/main.o

.debug_line     0x00000000     0xe5d9
 *(.debug_line)
 .debug_line    0x00000000      0x986 ./system/src/stm32f4-hal/stm32f4xx_hal.o
 .debug_line    0x00000986      0x9c2 ./system/src/stm32f4-hal/stm32f4xx_hal_cortex.o
 .debug_line    0x00001348      0xa97 ./system/src/stm32f4-hal/stm32f4xx_hal_gpio.o
 .debug_line    0x00001ddf      0xd11 ./system/src/stm32f4-hal/stm32f4xx_hal_rcc.o
 .debug_line    0x00002af0     0x3427 ./system/src/stm32f4-hal/stm32f4xx_hal_tim.o
 .debug_line    0x00005f17     0x12d8 ./system/src/stm32f4-hal/stm32f4xx_hal_tim_ex.o
 .debug_line    0x000071ef      0x30f ./system/src/newlib/_exit.o
 .debug_line    0x000074fe      0x2c0 ./system/src/newlib/_sbrk.o
 .debug_line    0x000077be      0x391 ./system/src/newlib/_startup.o
 .debug_line    0x00007b4f      0x52b ./system/src/newlib/_syscalls.o
 .debug_line    0x0000807a      0x353 ./system/src/newlib/assert.o
 .debug_line    0x000083cd      0x36e ./system/src/diag/Trace.o
 .debug_line    0x0000873b      0x963 ./system/src/diag/trace_impl.o
 .debug_line    0x0000909e      0x83c ./system/src/cortexm/_initialize_hardware.o
 .debug_line    0x000098da       0xa0 ./system/src/cortexm/exception_handlers.o
 .debug_line    0x0000997a      0x83d ./system/src/cmsis/system_stm32f4xx.o
 .debug_line    0x0000a1b7       0x8a ./system/src/cmsis/vectors_stm32f4xx.o
 .debug_line    0x0000a241      0xb63 ./src/Lcd.o
 .debug_line    0x0000ada4      0x993 ./src/Ports.o
 .debug_line    0x0000b737      0x913 ./src/Timer.o
 .debug_line    0x0000c04a      0x842 ./src/_initialize_hardware.o
 .debug_line    0x0000c88c      0x869 ./src/bsp.o
 .debug_line    0x0000d0f5      0xb72 ./src/game.o
 .debug_line    0x0000dc67      0x972 ./src/main.o

.debug_frame    0x00000000     0x210c
 *(.debug_frame)
 .debug_frame   0x00000000      0x188 ./system/src/stm32f4-hal/stm32f4xx_hal.o
 .debug_frame   0x00000188      0x134 ./system/src/stm32f4-hal/stm32f4xx_hal_cortex.o
 .debug_frame   0x000002bc       0xf0 ./system/src/stm32f4-hal/stm32f4xx_hal_gpio.o
 .debug_frame   0x000003ac      0x150 ./system/src/stm32f4-hal/stm32f4xx_hal_rcc.o
 .debug_frame   0x000004fc      0xa54 ./system/src/stm32f4-hal/stm32f4xx_hal_tim.o
 .debug_frame   0x00000f50      0x3e4 ./system/src/stm32f4-hal/stm32f4xx_hal_tim_ex.o
 .debug_frame   0x00001334       0x38 ./system/src/newlib/_exit.o
 .debug_frame   0x0000136c       0x28 ./system/src/newlib/_sbrk.o
 .debug_frame   0x00001394       0x7c ./system/src/newlib/_startup.o
 .debug_frame   0x00001410      0x230 ./system/src/newlib/_syscalls.o
 .debug_frame   0x00001640       0x40 ./system/src/newlib/assert.o
 .debug_frame   0x00001680       0x94 ./system/src/diag/Trace.o
 .debug_frame   0x00001714       0x54 ./system/src/diag/trace_impl.o
 .debug_frame   0x00001768       0x40 ./system/src/cortexm/_initialize_hardware.o
 .debug_frame   0x000017a8       0xb8 ./system/src/cortexm/exception_handlers.o
 .debug_frame   0x00001860       0x30 ./system/src/cmsis/system_stm32f4xx.o
 .debug_frame   0x00001890       0x20 ./system/src/cmsis/vectors_stm32f4xx.o
 .debug_frame   0x000018b0      0x1e4 ./src/Lcd.o
 .debug_frame   0x00001a94      0x174 ./src/Ports.o
 .debug_frame   0x00001c08       0xc0 ./src/Timer.o
 .debug_frame   0x00001cc8       0x60 ./src/_initialize_hardware.o
 .debug_frame   0x00001d28       0x28 ./src/bsp.o
 .debug_frame   0x00001d50      0x10c ./src/game.o
 .debug_frame   0x00001e5c       0x28 ./src/main.o
 .debug_frame   0x00001e84       0x20 c:/program files (x86)/gnu tools arm embedded/5.2 2015q4/bin/../lib/gcc/arm-none-eabi/5.2.1/../../../../arm-none-eabi/lib/armv7e-m\libg_nano.a(lib_a-errno.o)
 .debug_frame   0x00001ea4       0x48 c:/program files (x86)/gnu tools arm embedded/5.2 2015q4/bin/../lib/gcc/arm-none-eabi/5.2.1/../../../../arm-none-eabi/lib/armv7e-m\libg_nano.a(lib_a-vsnprintf.o)
 .debug_frame   0x00001eec       0x90 c:/program files (x86)/gnu tools arm embedded/5.2 2015q4/bin/../lib/gcc/arm-none-eabi/5.2.1/../../../../arm-none-eabi/lib/armv7e-m\libg_nano.a(lib_a-nano-svfprintf.o)
 .debug_frame   0x00001f7c       0x60 c:/program files (x86)/gnu tools arm embedded/5.2 2015q4/bin/../lib/gcc/arm-none-eabi/5.2.1/../../../../arm-none-eabi/lib/armv7e-m\libg_nano.a(lib_a-nano-vfprintf_i.o)
 .debug_frame   0x00001fdc       0x28 c:/program files (x86)/gnu tools arm embedded/5.2 2015q4/bin/../lib/gcc/arm-none-eabi/5.2.1/../../../../arm-none-eabi/lib/armv7e-m\libg_nano.a(lib_a-memcpy-stub.o)
 .debug_frame   0x00002004       0x28 c:/program files (x86)/gnu tools arm embedded/5.2 2015q4/bin/../lib/gcc/arm-none-eabi/5.2.1/../../../../arm-none-eabi/lib/armv7e-m\libg_nano.a(lib_a-memmove.o)
 .debug_frame   0x0000202c       0x2c c:/program files (x86)/gnu tools arm embedded/5.2 2015q4/bin/../lib/gcc/arm-none-eabi/5.2.1/../../../../arm-none-eabi/lib/armv7e-m\libg_nano.a(lib_a-nano-freer.o)
 .debug_frame   0x00002058       0x2c c:/program files (x86)/gnu tools arm embedded/5.2 2015q4/bin/../lib/gcc/arm-none-eabi/5.2.1/../../../../arm-none-eabi/lib/armv7e-m\libg_nano.a(lib_a-nano-mallocr.o)
 .debug_frame   0x00002084       0x3c c:/program files (x86)/gnu tools arm embedded/5.2 2015q4/bin/../lib/gcc/arm-none-eabi/5.2.1/../../../../arm-none-eabi/lib/armv7e-m\libg_nano.a(lib_a-nano-reallocr.o)
 .debug_frame   0x000020c0       0x2c c:/program files (x86)/gnu tools arm embedded/5.2 2015q4/bin/../lib/gcc/arm-none-eabi/5.2.1/../../../../arm-none-eabi/lib/armv7e-m\libg_nano.a(lib_a-sbrkr.o)
 .debug_frame   0x000020ec       0x20 c:/program files (x86)/gnu tools arm embedded/5.2 2015q4/bin/../lib/gcc/arm-none-eabi/5.2.1/../../../../arm-none-eabi/lib/armv7e-m\libg_nano.a(lib_a-nano-msizer.o)

.debug_str      0x00000000    0x86245
 *(.debug_str)
 .debug_str     0x00000000    0x7cf82 ./system/src/stm32f4-hal/stm32f4xx_hal.o
                              0x7d14d (size before relaxing)
 .debug_str     0x0007cf82      0x2ad ./system/src/stm32f4-hal/stm32f4xx_hal_cortex.o
                              0x7cf23 (size before relaxing)
 .debug_str     0x0007d22f      0x600 ./system/src/stm32f4-hal/stm32f4xx_hal_gpio.o
                              0x7cd5f (size before relaxing)
 .debug_str     0x0007d82f      0x437 ./system/src/stm32f4-hal/stm32f4xx_hal_rcc.o
                              0x7cc6f (size before relaxing)
 .debug_str     0x0007dc66     0x112d ./system/src/stm32f4-hal/stm32f4xx_hal_tim.o
                              0x7d7fa (size before relaxing)
 .debug_str     0x0007ed93      0x4ff ./system/src/stm32f4-hal/stm32f4xx_hal_tim_ex.o
                              0x7d0f1 (size before relaxing)
 .debug_str     0x0007f292     0x416f ./system/src/newlib/_exit.o
                               0x69fa (size before relaxing)
 .debug_str     0x00083401      0x4de ./system/src/newlib/_sbrk.o
                               0x5e0b (size before relaxing)
 .debug_str     0x000838df      0x2cc ./system/src/newlib/_startup.o
                               0x59d5 (size before relaxing)
 .debug_str     0x00083bab     0x1009 ./system/src/newlib/_syscalls.o
                               0x6ea4 (size before relaxing)
 .debug_str     0x00084bb4       0xd0 ./system/src/newlib/assert.o
                               0x74d4 (size before relaxing)
 .debug_str     0x00084c84      0x9b3 ./system/src/diag/Trace.o
                               0x730a (size before relaxing)
 .debug_str     0x00085637       0xe0 ./system/src/diag/trace_impl.o
                              0x7fbca (size before relaxing)
 .debug_str     0x00085717       0x4e ./system/src/cortexm/_initialize_hardware.o
                              0x7c660 (size before relaxing)
 .debug_str     0x00085765       0xe8 ./system/src/cortexm/exception_handlers.o
                               0x2623 (size before relaxing)
 .debug_str     0x0008584d       0x46 ./system/src/cmsis/system_stm32f4xx.o
                              0x7c7d3 (size before relaxing)
 .debug_str     0x00085893       0x57 ./system/src/cmsis/vectors_stm32f4xx.o
                               0x25c0 (size before relaxing)
 .debug_str     0x000858ea      0x6ae ./src/Lcd.o
                              0x7d193 (size before relaxing)
 .debug_str     0x00085f98       0x5e ./src/Ports.o
                              0x7d21f (size before relaxing)
 .debug_str     0x00085ff6       0x6f ./src/Timer.o
                              0x7dbea (size before relaxing)
 .debug_str     0x00086065       0x35 ./src/_initialize_hardware.o
                              0x7c8b4 (size before relaxing)
 .debug_str     0x0008609a        0xd ./src/bsp.o
                              0x7cff8 (size before relaxing)
 .debug_str     0x000860a7      0x190 ./src/game.o
                              0x7d192 (size before relaxing)
 .debug_str     0x00086237        0xe ./src/main.o
                              0x814c2 (size before relaxing)

.debug_loc      0x00000000     0x5bbf
 *(.debug_loc)
 .debug_loc     0x00000000       0x6a ./system/src/stm32f4-hal/stm32f4xx_hal.o
 .debug_loc     0x0000006a      0x5b6 ./system/src/stm32f4-hal/stm32f4xx_hal_cortex.o
 .debug_loc     0x00000620      0x43a ./system/src/stm32f4-hal/stm32f4xx_hal_gpio.o
 .debug_loc     0x00000a5a      0x634 ./system/src/stm32f4-hal/stm32f4xx_hal_rcc.o
 .debug_loc     0x0000108e     0x260d ./system/src/stm32f4-hal/stm32f4xx_hal_tim.o
 .debug_loc     0x0000369b      0xc57 ./system/src/stm32f4-hal/stm32f4xx_hal_tim_ex.o
 .debug_loc     0x000042f2       0x82 ./system/src/newlib/_sbrk.o
 .debug_loc     0x00004374      0x36e ./system/src/newlib/_startup.o
 .debug_loc     0x000046e2      0x549 ./system/src/newlib/_syscalls.o
 .debug_loc     0x00004c2b      0x110 ./system/src/newlib/assert.o
 .debug_loc     0x00004d3b      0x102 ./system/src/diag/Trace.o
 .debug_loc     0x00004e3d       0x97 ./system/src/diag/trace_impl.o
 .debug_loc     0x00004ed4      0x132 ./system/src/cmsis/system_stm32f4xx.o
 .debug_loc     0x00005006      0x4f2 ./src/Lcd.o
 .debug_loc     0x000054f8       0x94 ./src/Ports.o
 .debug_loc     0x0000558c       0x7c ./src/Timer.o
 .debug_loc     0x00005608      0x575 ./src/game.o
 .debug_loc     0x00005b7d       0x42 ./src/main.o

.debug_macinfo
 *(.debug_macinfo)

.debug_weaknames
 *(.debug_weaknames)

.debug_funcnames
 *(.debug_funcnames)

.debug_typenames
 *(.debug_typenames)

.debug_varnames
 *(.debug_varnames)
OUTPUT(STM32_C.elf elf32-littlearm)

.debug_ranges   0x00000000      0xa68
 .debug_ranges  0x00000000       0xb0 ./system/src/stm32f4-hal/stm32f4xx_hal.o
 .debug_ranges  0x000000b0       0x80 ./system/src/stm32f4-hal/stm32f4xx_hal_cortex.o
 .debug_ranges  0x00000130       0x48 ./system/src/stm32f4-hal/stm32f4xx_hal_gpio.o
 .debug_ranges  0x00000178       0x78 ./system/src/stm32f4-hal/stm32f4xx_hal_rcc.o
 .debug_ranges  0x000001f0      0x348 ./system/src/stm32f4-hal/stm32f4xx_hal_tim.o
 .debug_ranges  0x00000538      0x130 ./system/src/stm32f4-hal/stm32f4xx_hal_tim_ex.o
 .debug_ranges  0x00000668       0x18 ./system/src/newlib/_exit.o
 .debug_ranges  0x00000680       0x10 ./system/src/newlib/_sbrk.o
 .debug_ranges  0x00000690       0x30 ./system/src/newlib/_startup.o
 .debug_ranges  0x000006c0       0xc0 ./system/src/newlib/_syscalls.o
 .debug_ranges  0x00000780       0x18 ./system/src/newlib/assert.o
 .debug_ranges  0x00000798       0x28 ./system/src/diag/Trace.o
 .debug_ranges  0x000007c0       0x20 ./system/src/diag/trace_impl.o
 .debug_ranges  0x000007e0       0x18 ./system/src/cortexm/_initialize_hardware.o
 .debug_ranges  0x000007f8       0x58 ./system/src/cortexm/exception_handlers.o
 .debug_ranges  0x00000850       0x18 ./system/src/cmsis/system_stm32f4xx.o
 .debug_ranges  0x00000868       0x10 ./system/src/cmsis/vectors_stm32f4xx.o
 .debug_ranges  0x00000878       0x88 ./src/Lcd.o
 .debug_ranges  0x00000900       0x70 ./src/Ports.o
 .debug_ranges  0x00000970       0x50 ./src/Timer.o
 .debug_ranges  0x000009c0       0x20 ./src/_initialize_hardware.o
 .debug_ranges  0x000009e0       0x10 ./src/bsp.o
 .debug_ranges  0x000009f0       0x68 ./src/game.o
 .debug_ranges  0x00000a58       0x10 ./src/main.o

.debug_macro    0x00000000    0x170e6
 .debug_macro   0x00000000      0x363 ./system/src/stm32f4-hal/stm32f4xx_hal.o
 .debug_macro   0x00000363      0x898 ./system/src/stm32f4-hal/stm32f4xx_hal.o
 .debug_macro   0x00000bfb      0x250 ./system/src/stm32f4-hal/stm32f4xx_hal.o
 .debug_macro   0x00000e4b       0x28 ./system/src/stm32f4-hal/stm32f4xx_hal.o
 .debug_macro   0x00000e73       0x28 ./system/src/stm32f4-hal/stm32f4xx_hal.o
 .debug_macro   0x00000e9b       0x3b ./system/src/stm32f4-hal/stm32f4xx_hal.o
 .debug_macro   0x00000ed6       0x22 ./system/src/stm32f4-hal/stm32f4xx_hal.o
 .debug_macro   0x00000ef8       0x44 ./system/src/stm32f4-hal/stm32f4xx_hal.o
 .debug_macro   0x00000f3c       0xfd ./system/src/stm32f4-hal/stm32f4xx_hal.o
 .debug_macro   0x00001039       0x22 ./system/src/stm32f4-hal/stm32f4xx_hal.o
 .debug_macro   0x0000105b      0x1df ./system/src/stm32f4-hal/stm32f4xx_hal.o
 .debug_macro   0x0000123a       0x2d ./system/src/stm32f4-hal/stm32f4xx_hal.o
 .debug_macro   0x00001267       0x26 ./system/src/stm32f4-hal/stm32f4xx_hal.o
 .debug_macro   0x0000128d      0xd39 ./system/src/stm32f4-hal/stm32f4xx_hal.o
 .debug_macro   0x00001fc6     0x8fae ./system/src/stm32f4-hal/stm32f4xx_hal.o
 .debug_macro   0x0000af74       0x43 ./system/src/stm32f4-hal/stm32f4xx_hal.o
 .debug_macro   0x0000afb7       0x57 ./system/src/stm32f4-hal/stm32f4xx_hal.o
 .debug_macro   0x0000b00e      0xb9c ./system/src/stm32f4-hal/stm32f4xx_hal.o
 .debug_macro   0x0000bbaa      0x40f ./system/src/stm32f4-hal/stm32f4xx_hal.o
 .debug_macro   0x0000bfb9      0x13f ./system/src/stm32f4-hal/stm32f4xx_hal.o
 .debug_macro   0x0000c0f8      0x137 ./system/src/stm32f4-hal/stm32f4xx_hal.o
 .debug_macro   0x0000c22f      0x2cd ./system/src/stm32f4-hal/stm32f4xx_hal.o
 .debug_macro   0x0000c4fc       0x52 ./system/src/stm32f4-hal/stm32f4xx_hal.o
 .debug_macro   0x0000c54e      0x3ec ./system/src/stm32f4-hal/stm32f4xx_hal.o
 .debug_macro   0x0000c93a      0x14c ./system/src/stm32f4-hal/stm32f4xx_hal.o
 .debug_macro   0x0000ca86      0x3c2 ./system/src/stm32f4-hal/stm32f4xx_hal.o
 .debug_macro   0x0000ce48       0x22 ./system/src/stm32f4-hal/stm32f4xx_hal.o
 .debug_macro   0x0000ce6a      0x11f ./system/src/stm32f4-hal/stm32f4xx_hal.o
 .debug_macro   0x0000cf89       0xcd ./system/src/stm32f4-hal/stm32f4xx_hal.o
 .debug_macro   0x0000d056      0x1d1 ./system/src/stm32f4-hal/stm32f4xx_hal.o
 .debug_macro   0x0000d227      0xde0 ./system/src/stm32f4-hal/stm32f4xx_hal.o
 .debug_macro   0x0000e007      0x132 ./system/src/stm32f4-hal/stm32f4xx_hal.o
 .debug_macro   0x0000e139      0x217 ./system/src/stm32f4-hal/stm32f4xx_hal.o
 .debug_macro   0x0000e350      0x503 ./system/src/stm32f4-hal/stm32f4xx_hal.o
 .debug_macro   0x0000e853       0x88 ./system/src/stm32f4-hal/stm32f4xx_hal.o
 .debug_macro   0x0000e8db       0xd5 ./system/src/stm32f4-hal/stm32f4xx_hal.o
 .debug_macro   0x0000e9b0       0xa1 ./system/src/stm32f4-hal/stm32f4xx_hal.o
 .debug_macro   0x0000ea51      0x1e6 ./system/src/stm32f4-hal/stm32f4xx_hal.o
 .debug_macro   0x0000ec37      0x1ae ./system/src/stm32f4-hal/stm32f4xx_hal.o
 .debug_macro   0x0000ede5       0xa4 ./system/src/stm32f4-hal/stm32f4xx_hal.o
 .debug_macro   0x0000ee89      0x16e ./system/src/stm32f4-hal/stm32f4xx_hal.o
 .debug_macro   0x0000eff7       0x52 ./system/src/stm32f4-hal/stm32f4xx_hal.o
 .debug_macro   0x0000f049       0x6c ./system/src/stm32f4-hal/stm32f4xx_hal.o
 .debug_macro   0x0000f0b5      0x3d7 ./system/src/stm32f4-hal/stm32f4xx_hal.o
 .debug_macro   0x0000f48c      0x313 ./system/src/stm32f4-hal/stm32f4xx_hal.o
 .debug_macro   0x0000f79f      0x4b7 ./system/src/stm32f4-hal/stm32f4xx_hal.o
 .debug_macro   0x0000fc56      0x22b ./system/src/stm32f4-hal/stm32f4xx_hal.o
 .debug_macro   0x0000fe81      0x1d1 ./system/src/stm32f4-hal/stm32f4xx_hal.o
 .debug_macro   0x00010052      0x84c ./system/src/stm32f4-hal/stm32f4xx_hal.o
 .debug_macro   0x0001089e       0x4d ./system/src/stm32f4-hal/stm32f4xx_hal.o
 .debug_macro   0x000108eb      0x23a ./system/src/stm32f4-hal/stm32f4xx_hal.o
 .debug_macro   0x00010b25      0x1d8 ./system/src/stm32f4-hal/stm32f4xx_hal.o
 .debug_macro   0x00010cfd      0x168 ./system/src/stm32f4-hal/stm32f4xx_hal.o
 .debug_macro   0x00010e65      0x1d8 ./system/src/stm32f4-hal/stm32f4xx_hal.o
 .debug_macro   0x0001103d       0x85 ./system/src/stm32f4-hal/stm32f4xx_hal.o
 .debug_macro   0x000110c2      0x1df ./system/src/stm32f4-hal/stm32f4xx_hal.o
 .debug_macro   0x000112a1      0x108 ./system/src/stm32f4-hal/stm32f4xx_hal.o
 .debug_macro   0x000113a9       0x12 ./system/src/stm32f4-hal/stm32f4xx_hal.o
 .debug_macro   0x000113bb       0x74 ./system/src/stm32f4-hal/stm32f4xx_hal.o
 .debug_macro   0x0001142f      0x126 ./system/src/stm32f4-hal/stm32f4xx_hal.o
 .debug_macro   0x00011555      0x315 ./system/src/stm32f4-hal/stm32f4xx_hal_cortex.o
 .debug_macro   0x0001186a      0x354 ./system/src/stm32f4-hal/stm32f4xx_hal_gpio.o
 .debug_macro   0x00011bbe      0x357 ./system/src/stm32f4-hal/stm32f4xx_hal_rcc.o
 .debug_macro   0x00011f15      0x316 ./system/src/stm32f4-hal/stm32f4xx_hal_tim.o
 .debug_macro   0x0001222b      0x315 ./system/src/stm32f4-hal/stm32f4xx_hal_tim_ex.o
 .debug_macro   0x00012540      0x172 ./system/src/newlib/_exit.o
 .debug_macro   0x000126b2       0x9c ./system/src/newlib/_exit.o
 .debug_macro   0x0001274e      0x10e ./system/src/newlib/_exit.o
 .debug_macro   0x0001285c       0x8d ./system/src/newlib/_exit.o
 .debug_macro   0x000128e9       0x43 ./system/src/newlib/_exit.o
 .debug_macro   0x0001292c      0x329 ./system/src/newlib/_exit.o
 .debug_macro   0x00012c55       0x35 ./system/src/newlib/_exit.o
 .debug_macro   0x00012c8a      0x12e ./system/src/newlib/_sbrk.o
 .debug_macro   0x00012db8      0x174 ./system/src/newlib/_sbrk.o
 .debug_macro   0x00012f2c       0x10 ./system/src/newlib/_sbrk.o
 .debug_macro   0x00012f3c      0x23b ./system/src/newlib/_sbrk.o
 .debug_macro   0x00013177      0x14d ./system/src/newlib/_startup.o
 .debug_macro   0x000132c4      0x89e ./system/src/newlib/_startup.o
 .debug_macro   0x00013b62      0x1c6 ./system/src/newlib/_syscalls.o
 .debug_macro   0x00013d28       0x1c ./system/src/newlib/_syscalls.o
 .debug_macro   0x00013d44       0x10 ./system/src/newlib/_syscalls.o
 .debug_macro   0x00013d54       0x10 ./system/src/newlib/_syscalls.o
 .debug_macro   0x00013d64       0x10 ./system/src/newlib/_syscalls.o
 .debug_macro   0x00013d74       0x35 ./system/src/newlib/_syscalls.o
 .debug_macro   0x00013da9      0x122 ./system/src/newlib/_syscalls.o
 .debug_macro   0x00013ecb       0x88 ./system/src/newlib/_syscalls.o
 .debug_macro   0x00013f53       0x2b ./system/src/newlib/_syscalls.o
 .debug_macro   0x00013f7e      0x118 ./system/src/newlib/_syscalls.o
 .debug_macro   0x00014096      0x159 ./system/src/newlib/_syscalls.o
 .debug_macro   0x000141ef       0x16 ./system/src/newlib/_syscalls.o
 .debug_macro   0x00014205      0x19d ./system/src/newlib/assert.o
 .debug_macro   0x000143a2       0x1c ./system/src/newlib/assert.o
 .debug_macro   0x000143be      0x19f ./system/src/diag/Trace.o
 .debug_macro   0x0001455d       0x16 ./system/src/diag/Trace.o
 .debug_macro   0x00014573       0x97 ./system/src/diag/Trace.o
 .debug_macro   0x0001460a       0xfd ./system/src/diag/Trace.o
 .debug_macro   0x00014707       0x10 ./system/src/diag/Trace.o
 .debug_macro   0x00014717       0x16 ./system/src/diag/Trace.o
 .debug_macro   0x0001472d      0x197 ./system/src/diag/Trace.o
 .debug_macro   0x000148c4       0x52 ./system/src/diag/Trace.o
 .debug_macro   0x00014916       0x16 ./system/src/diag/Trace.o
 .debug_macro   0x0001492c      0x42d ./system/src/diag/trace_impl.o
 .debug_macro   0x00014d59       0x10 ./system/src/diag/trace_impl.o
 .debug_macro   0x00014d69       0xcf ./system/src/diag/trace_impl.o
 .debug_macro   0x00014e38       0x19 ./system/src/diag/trace_impl.o
 .debug_macro   0x00014e51       0xbe ./system/src/diag/trace_impl.o
 .debug_macro   0x00014f0f      0x31f ./system/src/cortexm/_initialize_hardware.o
 .debug_macro   0x0001522e       0x1b ./system/src/cortexm/exception_handlers.o
 .debug_macro   0x00015249      0x31b ./system/src/cmsis/system_stm32f4xx.o
 .debug_macro   0x00015564       0x1b ./system/src/cmsis/vectors_stm32f4xx.o
 .debug_macro   0x0001557f      0x3a1 ./src/Lcd.o
 .debug_macro   0x00015920       0x8e ./src/Lcd.o
 .debug_macro   0x000159ae       0xc4 ./src/Lcd.o
 .debug_macro   0x00015a72       0x10 ./src/Lcd.o
 .debug_macro   0x00015a82       0x1c ./src/Lcd.o
 .debug_macro   0x00015a9e      0x393 ./src/Ports.o
 .debug_macro   0x00015e31      0x387 ./src/Timer.o
 .debug_macro   0x000161b8      0x315 ./src/_initialize_hardware.o
 .debug_macro   0x000164cd      0x387 ./src/bsp.o
 .debug_macro   0x00016854      0x3ab ./src/game.o
 .debug_macro   0x00016bff      0x49d ./src/main.o
 .debug_macro   0x0001709c       0x4a ./src/main.o
