09:35:37 **** Incremental Build of configuration Debug for project STM32_C ****
make all 
'Building file: ../src/game.c'
'Invoking: Cross ARM C Compiler'
arm-none-eabi-gcc -mcpu=cortex-m4 -mthumb -mfloat-abi=soft -Og -fmessage-length=0 -fsigned-char -ffunction-sections -fdata-sections -fno-move-loop-invariants -Wall -Wextra  -g3 -DDEBUG -DUSE_FULL_ASSERT -DTRACE -DOS_USE_TRACE_ITM -DSTM32F407xx -DUSE_HAL_DRIVER -DHSE_VALUE=8000000 -I"../includes" -I"../system/includes" -I"../system/includes/cmsis" -I"../system/includes/stm32f4-hal" -std=gnu11 -MMD -MP -MF"src/game.d" -MT"src/game.o" -c -o "src/game.o" "../src/game.c"
'Finished building: ../src/game.c'
' '
'Building target: STM32_C.elf'
'Invoking: Cross ARM C++ Linker'
arm-none-eabi-g++ -mcpu=cortex-m4 -mthumb -mfloat-abi=soft -Og -fmessage-length=0 -fsigned-char -ffunction-sections -fdata-sections -fno-move-loop-invariants -Wall -Wextra  -g3 -T mem.ld -T libs.ld -T sections.ld -nostartfiles -Xlinker --gc-sections -L"../ldscripts" -Wl,-Map,"STM32_C.map" --specs=nano.specs -o "STM32_C.elf"  ./system/src/stm32f4-hal/stm32f4xx_hal.o ./system/src/stm32f4-hal/stm32f4xx_hal_cortex.o ./system/src/stm32f4-hal/stm32f4xx_hal_flash.o ./system/src/stm32f4-hal/stm32f4xx_hal_flash_ex.o ./system/src/stm32f4-hal/stm32f4xx_hal_flash_ramfunc.o ./system/src/stm32f4-hal/stm32f4xx_hal_gpio.o ./system/src/stm32f4-hal/stm32f4xx_hal_iwdg.o ./system/src/stm32f4-hal/stm32f4xx_hal_pcd_ex.o ./system/src/stm32f4-hal/stm32f4xx_hal_pwr.o ./system/src/stm32f4-hal/stm32f4xx_hal_pwr_ex.o ./system/src/stm32f4-hal/stm32f4xx_hal_rcc.o ./system/src/stm32f4-hal/stm32f4xx_hal_rcc_ex.o ./system/src/stm32f4-hal/stm32f4xx_hal_tim.o ./system/src/stm32f4-hal/stm32f4xx_hal_tim_ex.o  ./system/src/newlib/_cxx.o ./system/src/newlib/_exit.o ./system/src/newlib/_sbrk.o ./system/src/newlib/_startup.o ./system/src/newlib/_syscalls.o ./system/src/newlib/assert.o  ./system/src/diag/Trace.o ./system/src/diag/trace_impl.o  ./system/src/cortexm/_initialize_hardware.o ./system/src/cortexm/_reset_hardware.o ./system/src/cortexm/exception_handlers.o  ./system/src/cmsis/system_stm32f4xx.o ./system/src/cmsis/vectors_stm32f4xx.o  ./src/Lcd.o ./src/Ports.o ./src/Timer.o ./src/_initialize_hardware.o ./src/_write.o ./src/bsp.o ./src/game.o ./src/main.o   
'Finished building target: STM32_C.elf'
' '
'Invoking: Cross ARM GNU Create Flash Image'
arm-none-eabi-objcopy -O ihex "STM32_C.elf"  "STM32_C.hex"
'Finished building: STM32_C.hex'
' '
'Invoking: Cross ARM GNU Print Size'
arm-none-eabi-size --format=berkeley "STM32_C.elf"
   text	   data	    bss	    dec	    hex	filename
  16667	    416	    632	  17715	   4533	STM32_C.elf
'Finished building: STM32_C.siz'
' '
09:35:43 **** Incremental Build of configuration Debug for project STM32_C ****
make all 
'Invoking: Cross ARM GNU Print Size'
arm-none-eabi-size --format=berkeley "STM32_C.elf"
   text	   data	    bss	    dec	    hex	filename
  16667	    416	    632	  17715	   4533	STM32_C.elf
'Finished building: STM32_C.siz'
' '
